[2025-11-28T14:33:50.556726+00:00] main.ERROR: Parameter validation failed
#0 /app/vendor/symfony/console/Command/Command.php(292): Magento\Setup\Console\Command\InstallCommand->initialize(Object(Symfony\Component\Console\Input\ArgvInput), Object(Symfony\Component\Console\Output\ConsoleOutput))
#1 /app/vendor/symfony/console/Application.php(1070): Symfony\Component\Console\Command\Command->run(Object(Symfony\Component\Console\Input\ArgvInput), Object(Symfony\Component\Console\Output\ConsoleOutput))
#2 /app/vendor/symfony/console/Application.php(324): Symfony\Component\Console\Application->doRunCommand(Object(Magento\Setup\Console\Command\InstallCommand), Object(Symfony\Component\Console\Input\ArgvInput), Object(Symfony\Component\Console\Output\ConsoleOutput))
#3 /app/vendor/magento/framework/Console/Cli.php(122): Symfony\Component\Console\Application->doRun(Object(Symfony\Component\Console\Input\ArgvInput), Object(Symfony\Component\Console\Output\ConsoleOutput))
#4 /app/vendor/symfony/console/Application.php(175): Magento\Framework\Console\Cli->doRun(Object(Symfony\Component\Console\Input\ArgvInput), Object(Symfony\Component\Console\Output\ConsoleOutput))
#5 /app/bin/magento(23): Symfony\Component\Console\Application->run()
#6 {main} [] []
[2025-11-28T14:35:59.697225+00:00] main.INFO: Source table payment_services_order_status_data_production_submitted_hash does not exist. Skipping data migration... [] []
[2025-11-28T14:36:17.748241+00:00] main.ERROR: Search engine 'elasticsearch7' is not an available search engine.
#0 /app/setup/src/Magento/Setup/Model/SearchConfig.php(62): Magento\Setup\Model\SearchConfig->validateSearchEngineSelection(Array)
#1 /app/setup/src/Magento/Setup/Model/Installer.php(1261): Magento\Setup\Model\SearchConfig->saveConfiguration(Array)
#2 [internal function]: Magento\Setup\Model\Installer->installSearchConfiguration(Array)
#3 /app/setup/src/Magento/Setup/Model/Installer.php(422): call_user_func_array(Array, Array)
#4 /app/setup/src/Magento/Setup/Console/Command/InstallCommand.php(239): Magento\Setup\Model\Installer->install(Array)
#5 /app/vendor/symfony/console/Command/Command.php(326): Magento\Setup\Console\Command\InstallCommand->execute(Object(Symfony\Component\Console\Input\ArgvInput), Object(Symfony\Component\Console\Output\ConsoleOutput))
#6 /app/vendor/symfony/console/Application.php(1070): Symfony\Component\Console\Command\Command->run(Object(Symfony\Component\Console\Input\ArgvInput), Object(Symfony\Component\Console\Output\ConsoleOutput))
#7 /app/vendor/symfony/console/Application.php(324): Symfony\Component\Console\Application->doRunCommand(Object(Magento\Setup\Console\Command\InstallCommand), Object(Symfony\Component\Console\Input\ArgvInput), Object(Symfony\Component\Console\Output\ConsoleOutput))
#8 /app/vendor/magento/framework/Console/Cli.php(122): Symfony\Component\Console\Application->doRun(Object(Symfony\Component\Console\Input\ArgvInput), Object(Symfony\Component\Console\Output\ConsoleOutput))
#9 /app/vendor/symfony/console/Application.php(175): Magento\Framework\Console\Cli->doRun(Object(Symfony\Component\Console\Input\ArgvInput), Object(Symfony\Component\Console\Output\ConsoleOutput))
#10 /app/bin/magento(23): Symfony\Component\Console\Application->run()
#11 {main} [] []
[2025-11-28T14:38:09.096796+00:00] main.ERROR: There are no commands defined in the "cache" namespace.
#0 /app/vendor/symfony/console/Application.php(720): Symfony\Component\Console\Application->findNamespace('cache')
#1 /app/vendor/symfony/console/Application.php(266): Symfony\Component\Console\Application->find('cache:flush')
#2 /app/vendor/magento/framework/Console/Cli.php(122): Symfony\Component\Console\Application->doRun(Object(Symfony\Component\Console\Input\ArgvInput), Object(Symfony\Component\Console\Output\ConsoleOutput))
#3 /app/vendor/symfony/console/Application.php(175): Magento\Framework\Console\Cli->doRun(Object(Symfony\Component\Console\Input\ArgvInput), Object(Symfony\Component\Console\Output\ConsoleOutput))
#4 /app/bin/magento(23): Symfony\Component\Console\Application->run()
#5 {main} [] []
[2025-11-28T14:38:09.472533+00:00] main.ERROR: There are no commands defined in the "indexer" namespace.
#0 /app/vendor/symfony/console/Application.php(720): Symfony\Component\Console\Application->findNamespace('indexer')
#1 /app/vendor/symfony/console/Application.php(266): Symfony\Component\Console\Application->find('indexer:reindex')
#2 /app/vendor/magento/framework/Console/Cli.php(122): Symfony\Component\Console\Application->doRun(Object(Symfony\Component\Console\Input\ArgvInput), Object(Symfony\Component\Console\Output\ConsoleOutput))
#3 /app/vendor/symfony/console/Application.php(175): Magento\Framework\Console\Cli->doRun(Object(Symfony\Component\Console\Input\ArgvInput), Object(Symfony\Component\Console\Output\ConsoleOutput))
#4 /app/bin/magento(23): Symfony\Component\Console\Application->run()
#5 {main} [] []
[2025-11-28T14:44:08.025267+00:00] main.ERROR: There are no commands defined in the "cache" namespace.
#0 /app/vendor/symfony/console/Application.php(720): Symfony\Component\Console\Application->findNamespace('cache')
#1 /app/vendor/symfony/console/Application.php(266): Symfony\Component\Console\Application->find('cache:flush')
#2 /app/vendor/magento/framework/Console/Cli.php(122): Symfony\Component\Console\Application->doRun(Object(Symfony\Component\Console\Input\ArgvInput), Object(Symfony\Component\Console\Output\ConsoleOutput))
#3 /app/vendor/symfony/console/Application.php(175): Magento\Framework\Console\Cli->doRun(Object(Symfony\Component\Console\Input\ArgvInput), Object(Symfony\Component\Console\Output\ConsoleOutput))
#4 /app/bin/magento(23): Symfony\Component\Console\Application->run()
#5 {main} [] []
[2025-11-28T14:44:08.395238+00:00] main.ERROR: There are no commands defined in the "indexer" namespace.
#0 /app/vendor/symfony/console/Application.php(720): Symfony\Component\Console\Application->findNamespace('indexer')
#1 /app/vendor/symfony/console/Application.php(266): Symfony\Component\Console\Application->find('indexer:reindex')
#2 /app/vendor/magento/framework/Console/Cli.php(122): Symfony\Component\Console\Application->doRun(Object(Symfony\Component\Console\Input\ArgvInput), Object(Symfony\Component\Console\Output\ConsoleOutput))
#3 /app/vendor/symfony/console/Application.php(175): Magento\Framework\Console\Cli->doRun(Object(Symfony\Component\Console\Input\ArgvInput), Object(Symfony\Component\Console\Output\ConsoleOutput))
#4 /app/bin/magento(23): Symfony\Component\Console\Application->run()
#5 {main} [] []
[2025-11-28T14:50:00.631884+00:00] main.ERROR: There are no commands defined in the "cache" namespace.
#0 /app/vendor/symfony/console/Application.php(720): Symfony\Component\Console\Application->findNamespace('cache')
#1 /app/vendor/symfony/console/Application.php(266): Symfony\Component\Console\Application->find('cache:flush')
#2 /app/vendor/magento/framework/Console/Cli.php(122): Symfony\Component\Console\Application->doRun(Object(Symfony\Component\Console\Input\ArgvInput), Object(Symfony\Component\Console\Output\ConsoleOutput))
#3 /app/vendor/symfony/console/Application.php(175): Magento\Framework\Console\Cli->doRun(Object(Symfony\Component\Console\Input\ArgvInput), Object(Symfony\Component\Console\Output\ConsoleOutput))
#4 /app/bin/magento(23): Symfony\Component\Console\Application->run()
#5 {main} [] []
[2025-11-28T14:50:01.002944+00:00] main.ERROR: There are no commands defined in the "indexer" namespace.
#0 /app/vendor/symfony/console/Application.php(720): Symfony\Component\Console\Application->findNamespace('indexer')
#1 /app/vendor/symfony/console/Application.php(266): Symfony\Component\Console\Application->find('indexer:reindex')
#2 /app/vendor/magento/framework/Console/Cli.php(122): Symfony\Component\Console\Application->doRun(Object(Symfony\Component\Console\Input\ArgvInput), Object(Symfony\Component\Console\Output\ConsoleOutput))
#3 /app/vendor/symfony/console/Application.php(175): Magento\Framework\Console\Cli->doRun(Object(Symfony\Component\Console\Input\ArgvInput), Object(Symfony\Component\Console\Output\ConsoleOutput))
#4 /app/bin/magento(23): Symfony\Component\Console\Application->run()
#5 {main} [] []
[2025-11-28T14:53:36.280300+00:00] main.ERROR: There are no commands defined in the "cache" namespace.
#0 /app/vendor/symfony/console/Application.php(720): Symfony\Component\Console\Application->findNamespace('cache')
#1 /app/vendor/symfony/console/Application.php(266): Symfony\Component\Console\Application->find('cache:flush')
#2 /app/vendor/magento/framework/Console/Cli.php(122): Symfony\Component\Console\Application->doRun(Object(Symfony\Component\Console\Input\ArgvInput), Object(Symfony\Component\Console\Output\ConsoleOutput))
#3 /app/vendor/symfony/console/Application.php(175): Magento\Framework\Console\Cli->doRun(Object(Symfony\Component\Console\Input\ArgvInput), Object(Symfony\Component\Console\Output\ConsoleOutput))
#4 /app/bin/magento(23): Symfony\Component\Console\Application->run()
#5 {main} [] []
[2025-11-28T14:53:36.635716+00:00] main.ERROR: There are no commands defined in the "indexer" namespace.
#0 /app/vendor/symfony/console/Application.php(720): Symfony\Component\Console\Application->findNamespace('indexer')
#1 /app/vendor/symfony/console/Application.php(266): Symfony\Component\Console\Application->find('indexer:reindex')
#2 /app/vendor/magento/framework/Console/Cli.php(122): Symfony\Component\Console\Application->doRun(Object(Symfony\Component\Console\Input\ArgvInput), Object(Symfony\Component\Console\Output\ConsoleOutput))
#3 /app/vendor/symfony/console/Application.php(175): Magento\Framework\Console\Cli->doRun(Object(Symfony\Component\Console\Input\ArgvInput), Object(Symfony\Component\Console\Output\ConsoleOutput))
#4 /app/bin/magento(23): Symfony\Component\Console\Application->run()
#5 {main} [] []
[2025-11-28T14:56:29.419517+00:00] main.INFO: Source table payment_services_order_status_data_production_submitted_hash does not exist. Skipping data migration... [] []
[2025-11-28T14:56:54.288306+00:00] main.ERROR: Search engine 'elasticsearch7' is not an available search engine.
#0 /app/setup/src/Magento/Setup/Model/SearchConfig.php(62): Magento\Setup\Model\SearchConfig->validateSearchEngineSelection(Array)
#1 /app/setup/src/Magento/Setup/Model/Installer.php(1261): Magento\Setup\Model\SearchConfig->saveConfiguration(Array)
#2 [internal function]: Magento\Setup\Model\Installer->installSearchConfiguration(Array)
#3 /app/setup/src/Magento/Setup/Model/Installer.php(422): call_user_func_array(Array, Array)
#4 /app/setup/src/Magento/Setup/Console/Command/InstallCommand.php(239): Magento\Setup\Model\Installer->install(Array)
#5 /app/vendor/symfony/console/Command/Command.php(326): Magento\Setup\Console\Command\InstallCommand->execute(Object(Symfony\Component\Console\Input\ArgvInput), Object(Symfony\Component\Console\Output\ConsoleOutput))
#6 /app/vendor/symfony/console/Application.php(1070): Symfony\Component\Console\Command\Command->run(Object(Symfony\Component\Console\Input\ArgvInput), Object(Symfony\Component\Console\Output\ConsoleOutput))
#7 /app/vendor/symfony/console/Application.php(324): Symfony\Component\Console\Application->doRunCommand(Object(Magento\Setup\Console\Command\InstallCommand), Object(Symfony\Component\Console\Input\ArgvInput), Object(Symfony\Component\Console\Output\ConsoleOutput))
#8 /app/vendor/magento/framework/Console/Cli.php(122): Symfony\Component\Console\Application->doRun(Object(Symfony\Component\Console\Input\ArgvInput), Object(Symfony\Component\Console\Output\ConsoleOutput))
#9 /app/vendor/symfony/console/Application.php(175): Magento\Framework\Console\Cli->doRun(Object(Symfony\Component\Console\Input\ArgvInput), Object(Symfony\Component\Console\Output\ConsoleOutput))
#10 /app/bin/magento(23): Symfony\Component\Console\Application->run()
#11 {main} [] []
[2025-11-28T15:19:53.440292+00:00] main.INFO: Source table payment_services_order_status_data_production_submitted_hash does not exist. Skipping data migration... [] []
[2025-11-28T15:20:11.327962+00:00] main.ERROR: Search engine 'elasticsearch7' is not an available search engine.
#0 /app/setup/src/Magento/Setup/Model/SearchConfig.php(62): Magento\Setup\Model\SearchConfig->validateSearchEngineSelection(Array)
#1 /app/setup/src/Magento/Setup/Model/Installer.php(1261): Magento\Setup\Model\SearchConfig->saveConfiguration(Array)
#2 [internal function]: Magento\Setup\Model\Installer->installSearchConfiguration(Array)
#3 /app/setup/src/Magento/Setup/Model/Installer.php(422): call_user_func_array(Array, Array)
#4 /app/setup/src/Magento/Setup/Console/Command/InstallCommand.php(239): Magento\Setup\Model\Installer->install(Array)
#5 /app/vendor/symfony/console/Command/Command.php(326): Magento\Setup\Console\Command\InstallCommand->execute(Object(Symfony\Component\Console\Input\ArgvInput), Object(Symfony\Component\Console\Output\ConsoleOutput))
#6 /app/vendor/symfony/console/Application.php(1070): Symfony\Component\Console\Command\Command->run(Object(Symfony\Component\Console\Input\ArgvInput), Object(Symfony\Component\Console\Output\ConsoleOutput))
#7 /app/vendor/symfony/console/Application.php(324): Symfony\Component\Console\Application->doRunCommand(Object(Magento\Setup\Console\Command\InstallCommand), Object(Symfony\Component\Console\Input\ArgvInput), Object(Symfony\Component\Console\Output\ConsoleOutput))
#8 /app/vendor/magento/framework/Console/Cli.php(122): Symfony\Component\Console\Application->doRun(Object(Symfony\Component\Console\Input\ArgvInput), Object(Symfony\Component\Console\Output\ConsoleOutput))
#9 /app/vendor/symfony/console/Application.php(175): Magento\Framework\Console\Cli->doRun(Object(Symfony\Component\Console\Input\ArgvInput), Object(Symfony\Component\Console\Output\ConsoleOutput))
#10 /app/bin/magento(23): Symfony\Component\Console\Application->run()
#11 {main} [] []
[2025-11-28T15:22:37.230480+00:00] main.ERROR: Search engine 'elasticsearch7' is not an available search engine.
#0 /app/setup/src/Magento/Setup/Model/SearchConfig.php(62): Magento\Setup\Model\SearchConfig->validateSearchEngineSelection(Array)
#1 /app/setup/src/Magento/Setup/Model/Installer.php(1261): Magento\Setup\Model\SearchConfig->saveConfiguration(Array)
#2 [internal function]: Magento\Setup\Model\Installer->installSearchConfiguration(Array)
#3 /app/setup/src/Magento/Setup/Model/Installer.php(422): call_user_func_array(Array, Array)
#4 /app/setup/src/Magento/Setup/Console/Command/InstallCommand.php(239): Magento\Setup\Model\Installer->install(Array)
#5 /app/vendor/symfony/console/Command/Command.php(326): Magento\Setup\Console\Command\InstallCommand->execute(Object(Symfony\Component\Console\Input\ArgvInput), Object(Symfony\Component\Console\Output\ConsoleOutput))
#6 /app/vendor/symfony/console/Application.php(1070): Symfony\Component\Console\Command\Command->run(Object(Symfony\Component\Console\Input\ArgvInput), Object(Symfony\Component\Console\Output\ConsoleOutput))
#7 /app/vendor/symfony/console/Application.php(324): Symfony\Component\Console\Application->doRunCommand(Object(Magento\Setup\Console\Command\InstallCommand), Object(Symfony\Component\Console\Input\ArgvInput), Object(Symfony\Component\Console\Output\ConsoleOutput))
#8 /app/vendor/magento/framework/Console/Cli.php(122): Symfony\Component\Console\Application->doRun(Object(Symfony\Component\Console\Input\ArgvInput), Object(Symfony\Component\Console\Output\ConsoleOutput))
#9 /app/vendor/symfony/console/Application.php(175): Magento\Framework\Console\Cli->doRun(Object(Symfony\Component\Console\Input\ArgvInput), Object(Symfony\Component\Console\Output\ConsoleOutput))
#10 /app/bin/magento(23): Symfony\Component\Console\Application->run()
#11 {main} [] []
[2025-11-28T15:30:03.589866+00:00] main.ERROR: Search engine 'elasticsearch7' is not an available search engine.
#0 /app/setup/src/Magento/Setup/Model/SearchConfig.php(62): Magento\Setup\Model\SearchConfig->validateSearchEngineSelection(Array)
#1 /app/setup/src/Magento/Setup/Model/Installer.php(1261): Magento\Setup\Model\SearchConfig->saveConfiguration(Array)
#2 [internal function]: Magento\Setup\Model\Installer->installSearchConfiguration(Array)
#3 /app/setup/src/Magento/Setup/Model/Installer.php(422): call_user_func_array(Array, Array)
#4 /app/setup/src/Magento/Setup/Console/Command/InstallCommand.php(239): Magento\Setup\Model\Installer->install(Array)
#5 /app/vendor/symfony/console/Command/Command.php(326): Magento\Setup\Console\Command\InstallCommand->execute(Object(Symfony\Component\Console\Input\ArgvInput), Object(Symfony\Component\Console\Output\ConsoleOutput))
#6 /app/vendor/symfony/console/Application.php(1070): Symfony\Component\Console\Command\Command->run(Object(Symfony\Component\Console\Input\ArgvInput), Object(Symfony\Component\Console\Output\ConsoleOutput))
#7 /app/vendor/symfony/console/Application.php(324): Symfony\Component\Console\Application->doRunCommand(Object(Magento\Setup\Console\Command\InstallCommand), Object(Symfony\Component\Console\Input\ArgvInput), Object(Symfony\Component\Console\Output\ConsoleOutput))
#8 /app/vendor/magento/framework/Console/Cli.php(122): Symfony\Component\Console\Application->doRun(Object(Symfony\Component\Console\Input\ArgvInput), Object(Symfony\Component\Console\Output\ConsoleOutput))
#9 /app/vendor/symfony/console/Application.php(175): Magento\Framework\Console\Cli->doRun(Object(Symfony\Component\Console\Input\ArgvInput), Object(Symfony\Component\Console\Output\ConsoleOutput))
#10 /app/bin/magento(23): Symfony\Component\Console\Application->run()
#11 {main} [] []
[2025-11-28T15:32:18.463553+00:00] main.ERROR: There are no commands defined in the "config" namespace.

Did you mean one of these?
    app:config
    module:config
    setup:config
    setup:store-config
#0 /app/vendor/symfony/console/Application.php(720): Symfony\Component\Console\Application->findNamespace('config')
#1 /app/vendor/symfony/console/Application.php(266): Symfony\Component\Console\Application->find('config:set')
#2 /app/vendor/magento/framework/Console/Cli.php(122): Symfony\Component\Console\Application->doRun(Object(Symfony\Component\Console\Input\ArgvInput), Object(Symfony\Component\Console\Output\ConsoleOutput))
#3 /app/vendor/symfony/console/Application.php(175): Magento\Framework\Console\Cli->doRun(Object(Symfony\Component\Console\Input\ArgvInput), Object(Symfony\Component\Console\Output\ConsoleOutput))
#4 /app/bin/magento(23): Symfony\Component\Console\Application->run()
#5 {main} [] []
[2025-11-28T15:33:16.315383+00:00] main.ERROR: There are no commands defined in the "config" namespace.

Did you mean one of these?
    app:config
    module:config
    setup:config
    setup:store-config
#0 /app/vendor/symfony/console/Application.php(720): Symfony\Component\Console\Application->findNamespace('config')
#1 /app/vendor/symfony/console/Application.php(266): Symfony\Component\Console\Application->find('config:set')
#2 /app/vendor/magento/framework/Console/Cli.php(122): Symfony\Component\Console\Application->doRun(Object(Symfony\Component\Console\Input\ArgvInput), Object(Symfony\Component\Console\Output\ConsoleOutput))
#3 /app/vendor/symfony/console/Application.php(175): Magento\Framework\Console\Cli->doRun(Object(Symfony\Component\Console\Input\ArgvInput), Object(Symfony\Component\Console\Output\ConsoleOutput))
#4 /app/bin/magento(23): Symfony\Component\Console\Application->run()
#5 {main} [] []
[2025-11-28T16:01:28.030620+00:00] main.ERROR: Braintree\Configuration::merchantId needs to be set (or accessToken needs to be passed to Braintree\Gateway). [] []
[2025-11-28T16:02:14.647809+00:00] main.ERROR: Braintree\Configuration::merchantId needs to be set (or accessToken needs to be passed to Braintree\Gateway). [] []
[2025-11-28T16:10:16.921856+00:00] main.ERROR: The "/app/var/tmp/alternative-source-css.lock" file can't be deleted.  [] []
[2025-11-28T16:10:16.922641+00:00] main.CRITICAL: The "/app/var/tmp/alternative-source-css.lock" file can't be deleted.  [] []
[2025-11-28T16:10:32.199853+00:00] main.ERROR: Braintree\Configuration::merchantId needs to be set (or accessToken needs to be passed to Braintree\Gateway). [] []
[2025-11-28T16:20:20.079475+00:00] main.ERROR: Sample Data error: Warning: file_get_contents(/app/pub/media/downloadable/files/links/l/u/luma_background_-_model_against_fence_4_sec_.mp4): Failed to open stream: No such file or directory in /app/vendor/magento/module-downloadable-sample-data/Model/Product/Converter.php on line 132 [] []
[2025-11-28T16:21:49.759856+00:00] main.WARNING: Memory size allocated for the temporary table is more than 20% of innodb_buffer_pool_size. Please update innodb_buffer_pool_size or decrease batch size value (which decreases memory usages for the temporary table). Current batch size: 100000; Allocated memory size: 50000000 bytes; InnoDB buffer pool size: 134217728 bytes. [] []
[2025-11-28T16:21:49.867816+00:00] main.WARNING: Memory size allocated for the temporary table is more than 20% of innodb_buffer_pool_size. Please update innodb_buffer_pool_size or decrease batch size value (which decreases memory usages for the temporary table). Current batch size: 100000; Allocated memory size: 50000000 bytes; InnoDB buffer pool size: 134217728 bytes. [] []
[2025-11-28T16:21:49.960814+00:00] main.WARNING: Memory size allocated for the temporary table is more than 20% of innodb_buffer_pool_size. Please update innodb_buffer_pool_size or decrease batch size value (which decreases memory usages for the temporary table). Current batch size: 100000; Allocated memory size: 50000000 bytes; InnoDB buffer pool size: 134217728 bytes. [] []
[2025-11-28T16:21:50.340478+00:00] main.WARNING: Memory size allocated for the temporary table is more than 20% of innodb_buffer_pool_size. Please update innodb_buffer_pool_size or decrease batch size value (which decreases memory usages for the temporary table). Current batch size: 100000; Allocated memory size: 50000000 bytes; InnoDB buffer pool size: 134217728 bytes. [] []
[2025-11-28T16:21:50.454968+00:00] main.WARNING: Memory size allocated for the temporary table is more than 20% of innodb_buffer_pool_size. Please update innodb_buffer_pool_size or decrease batch size value (which decreases memory usages for the temporary table). Current batch size: 100000; Allocated memory size: 50000000 bytes; InnoDB buffer pool size: 134217728 bytes. [] []
[2025-11-28T16:21:50.551731+00:00] main.WARNING: Memory size allocated for the temporary table is more than 20% of innodb_buffer_pool_size. Please update innodb_buffer_pool_size or decrease batch size value (which decreases memory usages for the temporary table). Current batch size: 100000; Allocated memory size: 50000000 bytes; InnoDB buffer pool size: 134217728 bytes. [] []
[2025-11-28T16:21:53.850109+00:00] main.WARNING: Memory size allocated for the temporary table is more than 20% of innodb_buffer_pool_size. Please update innodb_buffer_pool_size or decrease batch size value (which decreases memory usages for the temporary table). Current batch size: 3334; Allocated memory size: 40008000 bytes; InnoDB buffer pool size: 134217728 bytes. [] []
[2025-11-28T16:22:38.506006+00:00] main.ERROR: Braintree\Configuration::merchantId needs to be set (or accessToken needs to be passed to Braintree\Gateway). [] []
